Component: ARM Compiler 6.14 Tool: armlink [5db06800]

==============================================================================

Section Cross References



==============================================================================

Image Symbol Table

    Local Symbols

    Symbol Name                              Value     Ov Type        Size  Object(Section)

    image2.c                                 0x00000000   Number         0  image2.o ABSOLUTE

    Global Symbols

    Symbol Name                              Value     Ov Type        Size  Object(Section)

    BuildAttributes$$THM_ISAv4$E$P$D$K$B$S$7EM$8M$VFPi5$EXTD16$VFPS$VFMA$PE$A:L22UL41UL21$X:L11$S22US41US21$IEEE1$IW$USESV6$~STKCKD$USESV7$~SHL$OSPACE$STANDARDLIB$REQ8$PRES8$EABIv2 0x00000000   Number         0  anon$$obj.o ABSOLUTE
    image2_s_head                            0x00040000   Data          32  image2.o(.rodata.image2_s_head)
    image2_s_tail                            0x0005fff0   Data          16  image2.o(.rodata.image2_s_tail)
    image2_ns_head                           0x00060000   Data          32  image2.o(.rodata.image2_ns_head)
    image2_ns_tail                           0x0006fff0   Data          16  image2.o(.rodata.image2_ns_tail)



==============================================================================

Memory Map of the image

  Image entry point : Not specified.

  Load Region LR_SECONDARY_PARTITION_S_H (Base: 0x00040000, Size: 0x00000020, Max: 0xffffffff, ABSOLUTE)

    Execution Region ER_SECONDARY_PARTITION_S_H (Exec base: 0x00040000, Load base: 0x00040000, Size: 0x00000020, Max: 0x00000020, ABSOLUTE)

    Exec Addr    Load Addr    Size         Type   Attr      Idx    E Section Name        Object

    0x00040000   0x00040000   0x00000000   Code   RO            1    .text               image2.o
    0x00040000   0x00040000   0x00000020   Data   RO            2    .rodata.image2_s_head  image2.o



  Load Region LR_SECONDARY_PARTITION_S_T (Base: 0x0005fff0, Size: 0x00000010, Max: 0xffffffff, ABSOLUTE)

    Execution Region ER_SECONDARY_PARTITION_S_T (Exec base: 0x0005fff0, Load base: 0x0005fff0, Size: 0x00000010, Max: 0x00000010, ABSOLUTE)

    Exec Addr    Load Addr    Size         Type   Attr      Idx    E Section Name        Object

    0x0005fff0   0x0005fff0   0x00000010   Data   RO            3    .rodata.image2_s_tail  image2.o



  Load Region LR_SECONDARY_PARTITION_NS_H (Base: 0x00060000, Size: 0x00000020, Max: 0xffffffff, ABSOLUTE)

    Execution Region ER_SECONDARY_PARTITION_NS_H (Exec base: 0x00060000, Load base: 0x00060000, Size: 0x00000020, Max: 0x00000020, ABSOLUTE)

    Exec Addr    Load Addr    Size         Type   Attr      Idx    E Section Name        Object

    0x00060000   0x00060000   0x00000020   Data   RO            4    .rodata.image2_ns_head  image2.o



  Load Region LR_SECONDARY_PARTITION_NS_T (Base: 0x0006fff0, Size: 0x00000010, Max: 0xffffffff, ABSOLUTE)

    Execution Region ER_SECONDARY_PARTITION_NS_T (Exec base: 0x0006fff0, Load base: 0x0006fff0, Size: 0x00000010, Max: 0x00000010, ABSOLUTE)

    Exec Addr    Load Addr    Size         Type   Attr      Idx    E Section Name        Object

    0x0006fff0   0x0006fff0   0x00000010   Data   RO            5    .rodata.image2_ns_tail  image2.o


==============================================================================

Image component sizes


      Code (inc. data)   RO Data    RW Data    ZI Data      Debug   Object Name

         0          0         96          0          0        553   image2.o

    ----------------------------------------------------------------------
         0          0         96          0          0        553   Object Totals
         0          0          0          0          0          0   (incl. Generated)
         0          0          0          0          0          0   (incl. Padding)

    ----------------------------------------------------------------------
         0          0          0          0          0          0   Library Totals
         0          0          0          0          0          0   (incl. Padding)

    ----------------------------------------------------------------------

==============================================================================


      Code (inc. data)   RO Data    RW Data    ZI Data      Debug   

         0          0         96          0          0        553   Grand Totals
         0          0         96          0          0        553   ELF Image Totals
         0          0         96          0          0          0   ROM Totals

==============================================================================

    Total RO  Size (Code + RO Data)                   96 (   0.09kB)
    Total RW  Size (RW Data + ZI Data)                 0 (   0.00kB)
    Total ROM Size (Code + RO Data + RW Data)         96 (   0.09kB)

==============================================================================

